Generating 33 clean-style Helixaris vials (parallel=3)...
[OK ] ahkcu-100mg → /app/frontend/public/brands/helixaris/products/ahkcu-100mg.png (400KB)
[OK ] 5-amino1mq-50mg → /app/frontend/public/brands/helixaris/products/5-amino1mq-50mg.png (433KB)
[OK ] b12-10mg → /app/frontend/public/brands/helixaris/products/b12-10mg.png (453KB)
[OK ] c4gr1-5mg → /app/frontend/public/brands/helixaris/products/c4gr1-5mg.png (429KB)
[OK ] bpc-157-10mg → /app/frontend/public/brands/helixaris/products/bpc-157-10mg.png (435KB)
[OK ] bpc-157-tb500 → /app/frontend/public/brands/helixaris/products/bpc-157-tb500.png (423KB)
[OK ] cjc-no-dac-and-ipamorelin-10mg → /app/frontend/public/brands/helixaris/products/cjc-no-dac-and-ipamorelin-10mg.png (411KB)
[OK ] dsip-15mg → /app/frontend/public/brands/helixaris/products/dsip-15mg.png (409KB)
[OK ] eloralintide-10mg → /app/frontend/public/brands/helixaris/products/eloralintide-10mg.png (439KB)
[OK ] ghkcu → /app/frontend/public/brands/helixaris/products/ghkcu.png (491KB)
[OK ] glow-70mg → /app/frontend/public/brands/helixaris/products/glow-70mg.png (409KB)
[OK ] glutathione-1500mg → /app/frontend/public/brands/helixaris/products/glutathione-1500mg.png (422KB)
[OK ] igf-1-lr3 → /app/frontend/public/brands/helixaris/products/igf-1-lr3.png (458KB)
[OK ] igf1-lr3-1mg → /app/frontend/public/brands/helixaris/products/igf1-lr3-1mg.png (433KB)
[OK ] hexarelin-5mg → /app/frontend/public/brands/helixaris/products/hexarelin-5mg.png (379KB)
[OK ] ipamorelin-10mg → /app/frontend/public/brands/helixaris/products/ipamorelin-10mg.png (424KB)
[OK ] kpv-10mg → /app/frontend/public/brands/helixaris/products/kpv-10mg.png (428KB)
[OK ] klow-80mg-vial → /app/frontend/public/brands/helixaris/products/klow-80mg-vial.png (455KB)
[OK ] mots-c-40mg → /app/frontend/public/brands/helixaris/products/mots-c-40mg.png (436KB)
[OK ] mt-1-10mg → /app/frontend/public/brands/helixaris/products/mt-1-10mg.png (379KB)
[OK ] kisspeptin-10mg → /app/frontend/public/brands/helixaris/products/kisspeptin-10mg.png (464KB)
[OK ] mt-2-10mg → /app/frontend/public/brands/helixaris/products/mt-2-10mg.png (422KB)
[OK ] nad-plus → /app/frontend/public/brands/helixaris/products/nad-plus.png (386KB)
[OK ] pt-141-10mg → /app/frontend/public/brands/helixaris/products/pt-141-10mg.png (401KB)
[OK ] r3t4trut1d3 → /app/frontend/public/brands/helixaris/products/r3t4trut1d3.png (407KB)
[OK ] slu-pp-5mg → /app/frontend/public/brands/helixaris/products/slu-pp-5mg.png (457KB)
[OK ] ss-31-10mg → /app/frontend/public/brands/helixaris/products/ss-31-10mg.png (375KB)
[OK ] selank-10mg → /app/frontend/public/brands/helixaris/products/selank-10mg.png (419KB)
[OK ] semax-10mg → /app/frontend/public/brands/helixaris/products/semax-10mg.png (384KB)
[OK ] superhuman-blend-10ml → /app/frontend/public/brands/helixaris/products/superhuman-blend-10ml.png (436KB)
[OK ] supershredder-10ml → /app/frontend/public/brands/helixaris/products/supershredder-10ml.png (398KB)
[OK ] tb-500-10mg → /app/frontend/public/brands/helixaris/products/tb-500-10mg.png (461KB)
[OK ] tesamorelin-10mg → /app/frontend/public/brands/helixaris/products/tesamorelin-10mg.png (397KB)

DONE. 33/33 succeeded.
